2025-09-18 09:03:00 | DEBUG | repo=pv243-2015-clustering-seminar | action=commit
2025-10-10 09:57:00 | WARN | repo=pv243-2015-clustering-seminar | action=commit
2025-12-18 14:40:00 | WARN | repo=pv243-2015-clustering-seminar | action=commit
2025-10-05 10:11:00 | INFO | repo=pv243-2015-clustering-seminar | action=pull
2025-10-21 09:39:00 | INFO | repo=pv243-2015-clustering-seminar | action=edit | files=4
2025-10-16 17:37:00 | DEBUG | repo=pv243-2015-clustering-seminar | action=commit
2025-11-18 11:40:00 | INFO | repo=pv243-2015-clustering-seminar | action=commit
2025-11-13 19:07:00 | DEBUG | repo=pv243-2015-clustering-seminar | action=commit
2025-01-10 20:33:00 | INFO | repo=pv243-2015-clustering-seminar | action=commit
2025-12-06 21:35:00 | DEBUG | repo=pv243-2015-clustering-seminar | action=pull
2025-06-05 19:56:00 | WARN | repo=pv243-2015-clustering-seminar | action=commit
2025-07-07 21:58:00 | DEBUG | repo=pv243-2015-clustering-seminar | action=test | passed=true
2025-01-06 16:43:00 | DEBUG | repo=pv243-2015-clustering-seminar | action=commit
2025-07-18 17:04:00 | WARN | repo=pv243-2015-clustering-seminar | action=commit
2025-02-20 20:01:00 | DEBUG | repo=pv243-2015-clustering-seminar | action=commit
2025-07-13 20:42:00 | INFO | repo=pv243-2015-clustering-seminar | action=commit
2025-04-23 14:01:00 | INFO | repo=pv243-2015-clustering-seminar | action=commit
2025-05-03 21:42:00 | WARN | repo=pv243-2015-clustering-seminar | action=commit
2025-05-12 08:19:00 | WARN | repo=pv243-2015-clustering-seminar | action=commit
2025-10-24 17:26:00 | INFO | repo=pv243-2015-clustering-seminar | action=edit | files=4
2025-02-04 18:37:00 | WARN | repo=pv243-2015-clustering-seminar | action=commit
2025-09-21 12:07:00 | DEBUG | repo=pv243-2015-clustering-seminar | action=commit
2025-11-19 10:49:00 | WARN | repo=pv243-2015-clustering-seminar | action=pull
2025-12-18 11:56:00 | DEBUG | repo=pv243-2015-clustering-seminar | action=test | passed=true
2025-03-20 12:03:00 | DEBUG | repo=pv243-2015-clustering-seminar | action=commit
